M43432^1                                                                                                      PAGE 1

                       1    $MOD51
0000                   2    ORG 00h
                       3    
0000                   4    START:
                       5            
0000 758038            6            MOV P0, #038h      
0003 75A001            7            MOV P2, #1
0006 75A000            8            MOV P2, #0
                       9    
0009 75800E           10            MOV P0, #00Eh      
000C 75A001           11            MOV P2, #1
000F 75A000           12            MOV P2, #0
                      13    
0012 758006           14            MOV P0, #006h      
0015 75A001           15            MOV P2, #1
0018 75A000           16            MOV P2, #0
                      17    
001B 758001           18            MOV P0, #001h      
001E 75A001           19            MOV P2, #1
0021 75A000           20            MOV P2, #0
                      21            
                      22           
0024 758080           23            MOV P0, #080h     
0027 75A001           24            MOV P2, #1
002A 75A000           25            MOV P2, #0
                      26            
002D 7580A9           27            MOV P0, #0A9h      
0030 75A003           28            MOV P2, #3         
0033 75A002           29            MOV P2, #2         
                      30            
                      31            
0036 7580C0           32            MOV P0, #0C0h      
0039 75A001           33            MOV P2, #1
003C 75A000           34            MOV P2, #0
                      35            
003F 7580AC           36            MOV P0, #0ACh      
0042 75A003           37            MOV P2, #3
0045 75A002           38            MOV P2, #2
                      39            
                      40            
0048 758081           41            MOV P0, #081h      
004B 75A001           42            MOV P2, #1
004E 75A000           43            MOV P2, #0
                      44            
0051 7580BD           45            MOV P0, #0BDh      
0054 75A003           46            MOV P2, #3
0057 75A002           47            MOV P2, #2
                      48            
                      49            
005A 7580C1           50            MOV P0, #0C1h     
005D 75A001           51            MOV P2, #1
0060 75A000           52            MOV P2, #0
                      53            
0063 7580C0           54            MOV P0, #0C0h      
0066 75A003           55            MOV P2, #3
0069 75A002           56            MOV P2, #2
                      57            
                      58          
M43432^1                                                                                                      PAGE 2

006C 758082           59            MOV P0, #082h     
006F 75A001           60            MOV P2, #1
0072 75A000           61            MOV P2, #0
                      62            
0075 758020           63            MOV P0, #020h      
0078 75A003           64            MOV P2, #3
007B 75A002           65            MOV P2, #2
                      66            
                      67            
007E 7580C2           68            MOV P0, #0C2h      
0081 75A001           69            MOV P2, #1
0084 75A000           70            MOV P2, #0
                      71            
0087 7580AD           72            MOV P0, #0ADh      
008A 75A003           73            MOV P2, #3
008D 75A002           74            MOV P2, #2
                      75            
                      76       
0090 758083           77            MOV P0, #083h     
0093 75A001           78            MOV P2, #1
0096 75A000           79            MOV P2, #0
                      80            
0099 7580A0           81            MOV P0, #0A0h      
009C 75A003           82            MOV P2, #3
009F 75A002           83            MOV P2, #2
                      84            
                      85            
00A2 7580C3           86            MOV P0, #0C3h      
00A5 75A001           87            MOV P2, #1
00A8 75A000           88            MOV P2, #0
                      89            
00AB 7580B1           90            MOV P0, #0B1h      
00AE 75A003           91            MOV P2, #3
00B1 75A002           92            MOV P2, #2
                      93            
                      94    
00B4 758084           95            MOV P0, #084h      
00B7 75A001           96            MOV P2, #1
00BA 75A000           97            MOV P2, #0
                      98            
00BD 7580AB           99            MOV P0, #0ABh      
00C0 75A003          100            MOV P2, #3
00C3 75A002          101            MOV P2, #2
                     102            
                     103        
00C6 7580C4          104            MOV P0, #0C4h      
00C9 75A001          105            MOV P2, #1
00CC 75A000          106            MOV P2, #0
                     107            
00CF 7580AF          108            MOV P0, #0AFh      
00D2 75A003          109            MOV P2, #3
00D5 75A002          110            MOV P2, #2
                     111            
                     112           
00D8 758085          113            MOV P0, #085h      
00DB 75A001          114            MOV P2, #1
00DE 75A000          115            MOV P2, #0
                     116            
M43432^1                                                                                                      PAGE 3

00E1 7580A2          117            MOV P0, #0A2h      
00E4 75A003          118            MOV P2, #3
00E7 75A002          119            MOV P2, #2
                     120            
00EA 80FE            121    HERE:   SJMP HERE
                     122    
                     123            END

VERSION 1.2k ASSEMBLY COMPLETE, 0 ERRORS FOUND
M43432^1                                                                                                      PAGE 4

HERE . . . . . . . . . . . . . .  C ADDR  00EAH  
P0 . . . . . . . . . . . . . . .  D ADDR  0080H  PREDEFINED  
P2 . . . . . . . . . . . . . . .  D ADDR  00A0H  PREDEFINED  
START. . . . . . . . . . . . . .  C ADDR  0000H  NOT USED  
